// Jest Snapshot v1, https://goo.gl/fbAQLP

exports[`Match Calculator Snapshot 1`] = `
<div
  className="calculator-container"
>
  <div
    className="result dark-grey col-4"
  >
    0
  </div>
  <button
    className="button grey col-1"
    onClick={[Function]}
    type="button"
    value="AC"
  >
    AC
  </button>
  <button
    className="button grey col-1"
    onClick={[Function]}
    type="button"
    value="+/-"
  >
    +/-
  </button>
  <button
    className="button grey col-1"
    onClick={[Function]}
    type="button"
    value="%"
  >
    %
  </button>
  <button
    className="button orange col-1"
    onClick={[Function]}
    type="button"
    value="รท"
  >
    รท
  </button>
  <button
    className="button grey col-1"
    onClick={[Function]}
    type="button"
    value="7"
  >
    7
  </button>
  <button
    className="button grey col-1"
    onClick={[Function]}
    type="button"
    value="8"
  >
    8
  </button>
  <button
    className="button grey col-1"
    onClick={[Function]}
    type="button"
    value="9"
  >
    9
  </button>
  <button
    className="button orange col-1"
    onClick={[Function]}
    type="button"
    value="x"
  >
    x
  </button>
  <button
    className="button grey col-1"
    onClick={[Function]}
    type="button"
    value="4"
  >
    4
  </button>
  <button
    className="button grey col-1"
    onClick={[Function]}
    type="button"
    value="5"
  >
    5
  </button>
  <button
    className="button grey col-1"
    onClick={[Function]}
    type="button"
    value="6"
  >
    6
  </button>
  <button
    className="button orange col-1"
    onClick={[Function]}
    type="button"
    value="-"
  >
    -
  </button>
  <button
    className="button grey col-1"
    onClick={[Function]}
    type="button"
    value="1"
  >
    1
  </button>
  <button
    className="button grey col-1"
    onClick={[Function]}
    type="button"
    value="2"
  >
    2
  </button>
  <button
    className="button grey col-1"
    onClick={[Function]}
    type="button"
    value="3"
  >
    3
  </button>
  <button
    className="button orange col-1"
    onClick={[Function]}
    type="button"
    value="+"
  >
    +
  </button>
  <button
    className="button grey col-2"
    onClick={[Function]}
    type="button"
    value="0"
  >
    0
  </button>
  <button
    className="button grey col-1"
    onClick={[Function]}
    type="button"
    value="."
  >
    .
  </button>
  <button
    className="button orange col-1"
    onClick={[Function]}
    type="button"
    value="="
  >
    =
  </button>
</div>
`;
