// Jest Snapshot v1, https://goo.gl/fbAQLP

exports[`Match Button Snapshot 1`] = `
<button
  className="button grey col-1"
  onClick={[Function]}
  type="button"
  value="7"
>
  7
</button>
`;
